Wrote 2998 players to 2026ProspectPool.csv

105 BW-ranked players not found in 2025/2026 data:
  AJ Ewing
  AJ Russell
  Aaron Watson
  Alejandro Rosario
  Alex Clemmey
  Anderson Brito
  Anthony Eyanson
  Argenis Cayama
  Ben Hess
  Bishop Letson
  Boston Bateman
  Braden Nett
  Braylon Doughty
  Briggs McKenzie
  Brody Hopkins
  Bryce Cunningham
  Bryce Mayer
  Caden Scarborough
  Cam Caminiti
  Cam Leiter
  Cameron Cauley
  Carlos Lagrange
  Charlee Soto
  Chase Shores
  Christian Oppor
  Christian Zazueta
  Colt Emerson
  Dasan Hill
  David Davalillo
  David Hagaman
  David Shields
  Ethan Pecko
  Gabriel Rincones
  Gage Jump
  Gage Stanifer
  Gage Wood
  George Lombard
  Hagen Smith
  Henry Bolte
  JT Quinn
  Jack Wenninger
  James Ellwanger
  Jamie Arnold
  Jarlin Susana
  Jaxon Wiggins
  Jimmy Crooks
  Johnny King
  Jonathan Santucci
  Jose Corniell
  Joseph Dzierwa
  Juan Valera
  Junior Sanchez
  Jurrangelo Cijntje
  Kade Anderson
  Karson Milbrandt
  Kash Mayfield
  Kelvis Salcedo
  Kendry Chourio
  Kevin Defrank
  Khal Stephen
  Khristian Curtis
  Kruz Schoolcraft
  Kyson Witherspoon
  Landon Harmon
  Liam Doyle
  Luis Hernandez
  Luis Perales
  Malachi Witherspoon
  Matt Wilkenson
  Michael Forret
  Miguel Mendez
  Miguel Sime
  Miguel Ullola
  Mitch Bratt
  Nate Payne
  Nestor German
  Noble Meyer
  Owen Murphy
  Patrick Forbes
  Ricky Tiedemann
  Riley Quick
  Robby Snelling
  Ryan Sloan
  Ryan Waldschmidt
  Santiago Suarez
  Seth Hernandez
  Spencer Jones
  Staryln Caba
  TJ Nichols
  Tanner Franklin
  Tanner McDougal
  Thomas White
  Tommy Troy
  Tony Blanco Jr.
  Travis Sykora
  Ty Johnson
  Tyler Bremner
  Tyson Hardin
  Wei-En Lin
  William Bergolla Jr.
  Winston Santos
  Yhoiker Fajardo
  Yoelin Cespedes
  Yordanny Monegro
  Zach Root

tbc_vs_model.csv: 449 players ranked by TBC (51 on national lists, 398 org-only)
